// Jest Snapshot v1, https://goo.gl/fbAQLP

exports[`should render the not found component correctly 1`] = `
<div
  className="not-found"
>
  <h1>
    Top 100 albums in the iTunes Store
  </h1>
  <div
    className="not-found-card"
  >
    <p>
      Sorry, we couldn't find the page you are looking for
    </p>
    <p>
      You'll be redirected to our home page in 5 seconds.
    </p>
    <p>
      Alternatively, 
      <Link
        to="/"
      >
        click here
      </Link>
       to go back.
    </p>
  </div>
</div>
`;
