// Jest Snapshot v1, https://goo.gl/fbAQLP

exports[`should render the pagination component correctly 1`] = `
<div
  className="pagination-component row"
>
  <div
    className="col-md-3 col-4"
  />
  <div
    className="col-md-6 col-4 page"
  >
    Page 
    1
  </div>
  <div
    className="col-md-3 col-4"
  />
</div>
`;
